accession_id	release_date	title	n_files_excluding_zip_contents	n_files_including_zip_contents	study_size_in_bytes	study_size_human_readable	.jpg:n	.jpg:size_in_bytes	.jpg:size_human_readable	.bmp:n	.bmp:size_in_bytes	.bmp:size_human_readable	.tif:n	.tif:size_in_bytes	.tif:size_human_readable	.xlsx:n	.xlsx:size_in_bytes	.xlsx:size_human_readable	.zip:n	.zip:size_in_bytes	.zip:size_human_readable	.tif in .zip:n	.tif in .zip:size_in_bytes	.tif in .zip:size_human_readable	.txt in .zip:n	.txt in .zip:size_in_bytes	.txt in .zip:size_human_readable	none in .zip:n	none in .zip:size_in_bytes	none in .zip:size_human_readable	.xml in .zip:n	.xml in .zip:size_in_bytes	.xml in .zip:size_human_readable	.fcs in .zip:n	.fcs in .zip:size_in_bytes	.fcs in .zip:size_human_readable	.cpproj in .zip:n	.cpproj in .zip:size_in_bytes	.cpproj in .zip:size_human_readable	.csv in .zip:n	.csv in .zip:size_in_bytes	.csv in .zip:size_human_readable	.jpg in .zip:n	.jpg in .zip:size_in_bytes	.jpg in .zip:size_human_readable	.npy in .zip:n	.npy in .zip:size_in_bytes	.npy in .zip:size_human_readable	.ilp in .zip:n	.ilp in .zip:size_in_bytes	.ilp in .zip:size_human_readable	.png in .zip:n	.png in .zip:size_in_bytes	.png in .zip:size_human_readable	.xlsx in .zip:n	.xlsx in .zip:size_in_bytes	.xlsx in .zip:size_human_readable	.m in .zip:n	.m in .zip:size_in_bytes	.m in .zip:size_human_readable
S-BIAD106	2021-05-31	Microscopy data for 'RPA shields inherited DNA lesions for post-mitotic DNA synthesis'	59	19433	63730284285	59.4GiB	0	0	0	0	0	0	0	0	0	0	0	0	59	63730284285	59.4GiB	19306	163903461909	152.6GiB	61	9759	9.5KiB	6	43032	42.0KiB	1	185560	181.2KiB	0	0	0	0	0	0	0	0	0	0	0	0	0	0	0	0	0	0	0	0	0	0	0	0	0	0	0
S-BIAD661	2023-03-17	FAM3C/ILEI protein is elevated in psoriatic lesions and triggers psoriasiform hyperproliferation in mice	271	271	1142027130	1.1GiB	17	34717675	33.1MiB	17	28310814	27.0MiB	211	1078740550	1.0GiB	26	258091	252.0KiB	0	0	0	0	0	0	0	0	0	0	0	0	0	0	0	0	0	0	0	0	0	0	0	0	0	0	0	0	0	0	0	0	0	0	0	0	0	0	0	0	0	0
S-BSST1047	2023-03-07	OPTIMAL: An OPTimised Imaging Mass cytometry AnaLysis framework for Segmentation and Data Exploration	1	1746	1766829351	1.6GiB	0	0	0	0	0	0	0	0	0	0	0	0	1	1766829351	1.6GiB	1585	1261539626	1.2GiB	5	4380816715	4.1GiB	0	0	0	0	0	0	25	79924584	76.2MiB	1	10772338	10.3MiB	7	5284549678	4.9GiB	48	6907608	6.6MiB	24	25962520	24.8MiB	1	35875179	34.2MiB	26	3696931	3.5MiB	4	48360	47.2KiB	19	91922	89.8KiB
S-BSST1053	2023-03-21	Microscopy images related to the Manuscript #EMBOJ-2022-112580	1	83	6923976982	6.4GiB	0	0	0	0	0	0	0	0	0	0	0	0	1	6923976982	6.4GiB	72	8066596751	7.5GiB	0	0	0	10	63528	62.0KiB	0	0	0	0	0	0	0	0	0	0	0	0	0	0	0	0	0	0	0	0	0	0	0	0	0	0	0	0	0	0
