{
  "title": "Simulated fluorescence microscopy",
  "uuid": "244e1bee-01cc-4886-8d0a-25f9a2e27c34",
  "version": 0,
  "object_creator": "bia_ingest",
  "model": {
    "type_name": "ImageAcquisitionProtocol",
    "version": 3
  },
  "additional_metadata": [
    {
      "provenance": "bia_ingest",
      "name": "uuid_unique_input",
      "value": {
        "uuid_unique_input": "Image Acquisition-1"
      }
    }
  ],
  "protocol_description": "N/A",
  "imaging_instrument_description": "Virtual microscope imitating the microscope Zeiss S100 (objective Zeiss 63x/1.40 Oil DIC) attached to confocal unit Atto CARV and CCD camera Micromax 1300-YHS.",
  "fbbi_id": [],
  "imaging_method_name": [
    "simulated fluorescence microscopy"
  ]
}
