{
  "title_id": "Simulated fluorescence microscopy",
  "uuid": "5f4095ba-8bd3-4efa-9c7e-18bc35ddf416",
  "version": 0,
  "model": {
    "type_name": "ImageAcquisitionProtocol",
    "version": 2
  },
  "attribute": [],
  "protocol_description": "N/A",
  "imaging_instrument_description": "Virtual microscope imitating the microscope Zeiss S100 (objective Zeiss 63x/1.40 Oil DIC) attached to confocal unit Atto CARV and CCD camera Micromax 1300-YHS.",
  "fbbi_id": [],
  "imaging_method_name": [
    "simulated fluorescence microscopy"
  ]
}