{
  "object_creator": "bia_ingest",
  "uuid": "0c0206a9-8599-43bc-b858-7f1bbbba8178",
  "version": 0,
  "model": {
    "type_name": "FileReference",
    "version": 3
  },
  "additional_metadata": [
    {
      "provenance": "bia_ingest",
      "name": "attributes_from_biostudies.File",
      "value": {
        "attributes": {
          "AnnotationsIn": "ann06-10.json",
          "metadata3_key": "metadata3_value",
          "metadata4_key": "metadata4_value"
        }
      }
    },
    {
      "provenance": "bia_ingest",
      "name": "uuid_unique_input",
      "value": {
        "uuid_unique_input": "study_component1/im08.png123"
      }
    }
  ],
  "file_path": "study_component1/im08.png",
  "format": "file",
  "size_in_bytes": 123,
  "uri": "https://www.ebi.ac.uk/biostudies/files/S-BIADTEST/study_component1/im08.png",
  "submission_dataset_uuid": "1b6100a9-d573-4f19-8f0f-4e9c2b490a70"
}