{
  "object_creator": "bia_ingest",
  "uuid": "1a22ceaa-8d55-4426-b29a-8b36584f03d4",
  "version": 0,
  "model": {
    "type_name": "FileReference",
    "version": 3
  },
  "additional_metadata": [
    {
      "provenance": "bia_ingest",
      "name": "attributes_from_biostudies.File",
      "value": {
        "attributes": {
          "AnnotationsIn": "None",
          "Source image": "None",
          "metadata2": "None"
        }
      }
    },
    {
      "provenance": "bia_ingest",
      "name": "uuid_unique_input",
      "value": {
        "uuid_unique_input": "study_component1/ann01-0511"
      }
    }
  ],
  "file_path": "study_component1/ann01-05",
  "format": "directory",
  "size_in_bytes": 11,
  "uri": "https://www.ebi.ac.uk/biostudies/files/S-BIADTEST/study_component1/ann01-05",
  "submission_dataset_uuid": "57d0495a-171e-4c12-9be0-8999d8404329"
}