{
  "object_creator": "bia_ingest",
  "uuid": "864ded70-7dac-4bae-85ee-222eb932ec07",
  "version": 0,
  "model": {
    "type_name": "FileReference",
    "version": 3
  },
  "additional_metadata": [
    {
      "provenance": "bia_ingest",
      "name": "attributes_from_biostudies.File",
      "value": {
        "attributes": {
          "AnnotationsIn": "None",
          "Source image": "study_component2/im06.png",
          "metadata2": "None"
        }
      }
    },
    {
      "provenance": "bia_ingest",
      "name": "uuid_unique_input",
      "value": {
        "uuid_unique_input": "study_component1/ann06-10.json12"
      }
    }
  ],
  "file_path": "study_component1/ann06-10.json",
  "format": "file",
  "size_in_bytes": 12,
  "uri": "https://www.ebi.ac.uk/biostudies/files/S-BIADTEST/study_component1/ann06-10.json",
  "submission_dataset_uuid": "57d0495a-171e-4c12-9be0-8999d8404329"
}