{
  "object_creator": "bia_ingest",
  "uuid": "d52c22c5-09c5-4bbc-ad1a-8252a8e1fd11",
  "version": 0,
  "model": {
    "type_name": "FileReference",
    "version": 3
  },
  "additional_metadata": [
    {
      "provenance": "bia_ingest",
      "name": "attributes_from_biostudies.File",
      "value": {
        "attributes": {
          "AnnotationsIn": "ann06-10.json",
          "metadata3_key": "metadata3_value",
          "metadata4_key": "metadata4_value"
        }
      }
    },
    {
      "provenance": "bia_ingest",
      "name": "uuid_unique_input",
      "value": {
        "uuid_unique_input": "study_component2/im08.png123"
      }
    }
  ],
  "file_path": "study_component2/im08.png",
  "format": "file",
  "size_in_bytes": 123,
  "uri": "https://www.ebi.ac.uk/biostudies/files/S-BIADTEST/study_component2/im08.png",
  "submission_dataset_uuid": "e9982e1d-3cd3-4985-abbb-3a0efd2a3695"
}