{
  "object_creator": "bia_ingest",
  "uuid": "dc1c1f0e-2df8-4c71-9ee9-806ce53a47f2",
  "version": 0,
  "model": {
    "type_name": "FileReference",
    "version": 3
  },
  "additional_metadata": [
    {
      "provenance": "bia_ingest",
      "name": "attributes_from_biostudies.File",
      "value": {
        "attributes": {
          "AnnotationsIn": "None",
          "metadata5_key": "None",
          "metadata6_key": "None"
        }
      }
    },
    {
      "provenance": "bia_ingest",
      "name": "uuid_unique_input",
      "value": {
        "uuid_unique_input": "study_component2/ann01-0511"
      }
    }
  ],
  "file_path": "study_component2/ann01-05",
  "format": "file",
  "size_in_bytes": 11,
  "uri": "https://www.ebi.ac.uk/biostudies/files/S-BIADTEST/study_component2/ann01-05",
  "submission_dataset_uuid": "e9982e1d-3cd3-4985-abbb-3a0efd2a3695"
}