{
  "uuid": "04c955f4-5cb9-47ab-bb11-3c5f6f4022e2",
  "version": 0,
  "object_creator": "bia_ingest",
  "model": {
    "type_name": "FileReference",
    "version": 3
  },
  "additional_metadata": [
    {
      "provenance": "bia_ingest",
      "name": "attributes_from_biostudies.File",
      "value": {
        "attributes": {
          "clustering probability": "0%",
          "SNR": "low"
        }
      }
    },
    {
      "provenance": "bia_ingest",
      "name": "uuid_unique_input",
      "value": {
        "uuid_unique_input": "BBBC024/BBBC024_v1_c00_lowSNR_images_TIFF/image-final_0012.tif50966860"
      }
    }
  ],
  "file_path": "BBBC024/BBBC024_v1_c00_lowSNR_images_TIFF/image-final_0012.tif",
  "format": "file",
  "size_in_bytes": 50966860,
  "uri": "https://www.ebi.ac.uk/biostudies/files/S-BIAD1492/BBBC024/BBBC024_v1_c00_lowSNR_images_TIFF/image-final_0012.tif",
  "submission_dataset_uuid": "05153ce9-8fd0-4e41-a805-32cc3a39dd68"
}
