{
  "uuid": "22e3a91e-c02c-4b49-8b9c-7c0a9e657b60",
  "version": 0,
  "model": {
    "type_name": "FileReference",
    "version": 2
  },
  "attribute": [
    {
      "provenance": "bia_ingest",
      "name": "attributes_from_biostudies.File",
      "value": {
        "attributes": {
          "Annotation type": "Segmentation masks",
          "Source image": "BBBC024/BBBC024_v1_c75_lowSNR_images_TIFF/image-final_0012.tif"
        }
      }
    }
  ],
  "file_path": "BBBC024/BBBC024_v1_c75_lowSNR_images_TIFF/image-labels_0012.tif",
  "format": "file",
  "size_in_bytes": 3217536,
  "uri": "https://www.ebi.ac.uk/biostudies/files/S-BIAD1492/BBBC024/BBBC024_v1_c75_lowSNR_images_TIFF/image-labels_0012.tif",
  "submission_dataset_uuid": "2d124551-c51a-4d8a-817e-2804f558e059"
}