{
  "uuid": "30a4aedc-d86c-4f86-8b26-8aea88eddcd3",
  "version": 0,
  "object_creator": "bia_ingest",
  "model": {
    "type_name": "FileReference",
    "version": 3
  },
  "additional_metadata": [
    {
      "provenance": "bia_ingest",
      "name": "attributes_from_biostudies.File",
      "value": {
        "attributes": {
          "clustering probability": "50%",
          "SNR": "low"
        }
      }
    },
    {
      "provenance": "bia_ingest",
      "name": "uuid_unique_input",
      "value": {
        "uuid_unique_input": "BBBC024/BBBC024_v1_c50_lowSNR_images_TIFF/image-final_0012.tif50845142"
      }
    }
  ],
  "file_path": "BBBC024/BBBC024_v1_c50_lowSNR_images_TIFF/image-final_0012.tif",
  "format": "file",
  "size_in_bytes": 50845142,
  "uri": "https://www.ebi.ac.uk/biostudies/files/S-BIAD1492/BBBC024/BBBC024_v1_c50_lowSNR_images_TIFF/image-final_0012.tif",
  "submission_dataset_uuid": "05153ce9-8fd0-4e41-a805-32cc3a39dd68"
}
