{
  "uuid": "4dcfb720-f607-4494-899e-0ce50d6d5973",
  "version": 0,
  "object_creator": "bia_ingest",
  "model": {
    "type_name": "FileReference",
    "version": 3
  },
  "additional_metadata": [
    {
      "provenance": "bia_ingest",
      "name": "attributes_from_biostudies.File",
      "value": {
        "attributes": {
          "clustering probability": "75%",
          "SNR": "high"
        }
      }
    },
    {
      "provenance": "bia_ingest",
      "name": "uuid_unique_input",
      "value": {
        "uuid_unique_input": "BBBC024/BBBC024_v1_c75_highSNR_images_TIFF/image-final_0012.tif61715488"
      }
    }
  ],
  "file_path": "BBBC024/BBBC024_v1_c75_highSNR_images_TIFF/image-final_0012.tif",
  "format": "file",
  "size_in_bytes": 61715488,
  "uri": "https://www.ebi.ac.uk/biostudies/files/S-BIAD1492/BBBC024/BBBC024_v1_c75_highSNR_images_TIFF/image-final_0012.tif",
  "submission_dataset_uuid": "05153ce9-8fd0-4e41-a805-32cc3a39dd68"
}
