{
  "uuid": "97ad64e0-026c-4ccd-8e8a-0373c40cf7d4",
  "version": 0,
  "model": {
    "type_name": "FileReference",
    "version": 2
  },
  "attribute": [
    {
      "provenance": "bia_ingest",
      "name": "attributes_from_biostudies.File",
      "value": {
        "attributes": {
          "clustering probability": "50%",
          "SNR": "low"
        }
      }
    }
  ],
  "file_path": "BBBC024/BBBC024_v1_c50_lowSNR_images_TIFF/image-final_0012.tif",
  "format": "file",
  "size_in_bytes": 50845142,
  "uri": "https://www.ebi.ac.uk/biostudies/files/S-BIAD1492/BBBC024/BBBC024_v1_c50_lowSNR_images_TIFF/image-final_0012.tif",
  "submission_dataset_uuid": "44500cd8-1ad9-4340-ba55-3427a2782486"
}