{
  "uuid": "b1ac7d24-80a6-490d-9f36-2039c91f4293",
  "version": 0,
  "object_creator": "bia_ingest",
  "model": {
    "type_name": "FileReference",
    "version": 3
  },
  "additional_metadata": [
    {
      "provenance": "bia_ingest",
      "name": "attributes_from_biostudies.File",
      "value": {
        "attributes": {
          "Annotation type": "Segmentation masks",
          "Source image": "BBBC024/BBBC024_v1_c25_highSNR_images_TIFF/image-final_0012.tif"
        }
      }
    },
    {
      "provenance": "bia_ingest",
      "name": "uuid_unique_input",
      "value": {
        "uuid_unique_input": "BBBC024/BBBC024_v1_c25_highSNR_images_TIFF/image-labels_0012.tif3207776"
      }
    },
    {
      "provenance": "bia_ingest",
      "name": "source_image_uuid",
      "value": {
        "source_image_uuid": [
          "d8c44405-3949-4063-b0d2-fe566e2bcd96"
        ]
      }
    }
  ],
  "file_path": "BBBC024/BBBC024_v1_c25_highSNR_images_TIFF/image-labels_0012.tif",
  "format": "file",
  "size_in_bytes": 3207776,
  "uri": "https://www.ebi.ac.uk/biostudies/files/S-BIAD1492/BBBC024/BBBC024_v1_c25_highSNR_images_TIFF/image-labels_0012.tif",
  "submission_dataset_uuid": "1d0b45f8-374c-4444-8fa3-c7189f58438d"
}
