{
  "uuid": "be76820d-9cf4-4bc8-96c1-692b02ded6ca",
  "version": 0,
  "model": {
    "type_name": "FileReference",
    "version": 2
  },
  "attribute": [
    {
      "provenance": "bia_ingest",
      "name": "attributes_from_biostudies.File",
      "value": {
        "attributes": {
          "Annotation type": "Segmentation masks",
          "Source image": "BBBC024/BBBC024_v1_c00_lowSNR_images_TIFF/image-final_0012.tif"
        }
      }
    }
  ],
  "file_path": "BBBC024/BBBC024_v1_c00_lowSNR_images_TIFF/image-labels_0012.tif",
  "format": "file",
  "size_in_bytes": 3178098,
  "uri": "https://www.ebi.ac.uk/biostudies/files/S-BIAD1492/BBBC024/BBBC024_v1_c00_lowSNR_images_TIFF/image-labels_0012.tif",
  "submission_dataset_uuid": "2d124551-c51a-4d8a-817e-2804f558e059"
}