{
  "uuid": "e30baf6b-7b24-4948-9bf8-0914556f0dab",
  "version": 0,
  "object_creator": "bia_ingest",
  "model": {
    "type_name": "FileReference",
    "version": 3
  },
  "additional_metadata": [
    {
      "provenance": "bia_ingest",
      "name": "attributes_from_biostudies.File",
      "value": {
        "attributes": {
          "Annotation type": "Segmentation masks",
          "Source image": "BBBC024/BBBC024_v1_c00_lowSNR_images_TIFF/image-final_0012.tif"
        }
      }
    },
    {
      "provenance": "bia_ingest",
      "name": "uuid_unique_input",
      "value": {
        "uuid_unique_input": "BBBC024/BBBC024_v1_c00_lowSNR_images_TIFF/image-labels_0012.tif3178098"
      }
    },
    {
      "provenance": "bia_ingest",
      "name": "source_image_uuid",
      "value": {
        "source_image_uuid": [
          "04c955f4-5cb9-47ab-bb11-3c5f6f4022e2"
        ]
      }
    }
  ],
  "file_path": "BBBC024/BBBC024_v1_c00_lowSNR_images_TIFF/image-labels_0012.tif",
  "format": "file",
  "size_in_bytes": 3178098,
  "uri": "https://www.ebi.ac.uk/biostudies/files/S-BIAD1492/BBBC024/BBBC024_v1_c00_lowSNR_images_TIFF/image-labels_0012.tif",
  "submission_dataset_uuid": "1d0b45f8-374c-4444-8fa3-c7189f58438d"
}
