{
  "uuid": "e51f4c46-901e-461c-85a0-53ba52630228",
  "version": 0,
  "object_creator": "bia_ingest",
  "model": {
    "type_name": "FileReference",
    "version": 3
  },
  "additional_metadata": [
    {
      "provenance": "bia_ingest",
      "name": "attributes_from_biostudies.File",
      "value": {
        "attributes": {
          "Annotation type": "Segmentation masks",
          "Source image": "BBBC024/BBBC024_v1_c00_highSNR_images_TIFF/image-final_0012.tif"
        }
      }
    },
    {
      "provenance": "bia_ingest",
      "name": "uuid_unique_input",
      "value": {
        "uuid_unique_input": "BBBC024/BBBC024_v1_c00_highSNR_images_TIFF/image-labels_0012.tif3182548"
      }
    }
  ],
  "file_path": "BBBC024/BBBC024_v1_c00_highSNR_images_TIFF/image-labels_0012.tif",
  "format": "file",
  "size_in_bytes": 3182548,
  "uri": "https://www.ebi.ac.uk/biostudies/files/S-BIAD1492/BBBC024/BBBC024_v1_c00_highSNR_images_TIFF/image-labels_0012.tif",
  "submission_dataset_uuid": "1d0b45f8-374c-4444-8fa3-c7189f58438d"
}
