{
  "title_id": "Ground truth segmentation masks",
  "uuid": "10259a72-db54-4277-928b-6f291d1b9ca1",
  "version": 0,
  "model": {
    "type_name": "AnnotationMethod",
    "version": 3
  },
  "attribute": [],
  "protocol_description": "Each image contains exactly 20 masks; this is the ground truth for counting. Ground truth for foreground/background segmentation are available as labeled 16bit grayscale images",
  "annotation_criteria": null,
  "annotation_coverage": "All data has been annotated.",
  "transformation_description": null,
  "spatial_information": null,
  "method_type": [
    "other"
  ],
  "annotation_source_indicator": null
}