{
  "title": "Ground truth segmentation masks",
  "uuid": "4d217422-99a5-4672-a1e1-61a123b95bb4",
  "version": 0,
  "object_creator": "bia_ingest",
  "model": {
    "type_name": "AnnotationMethod",
    "version": 4
  },
  "additional_metadata": [
    {
      "provenance": "bia_ingest",
      "name": "uuid_unique_input",
      "value": {
        "uuid_unique_input": "Annotations-1"
      }
    }
  ],
  "protocol_description": "Each image contains exactly 20 masks; this is the ground truth for counting. Ground truth for foreground/background segmentation are available as labeled 16bit grayscale images",
  "annotation_criteria": null,
  "annotation_coverage": "All data has been annotated.",
  "transformation_description": null,
  "spatial_information": null,
  "method_type": [
    "other"
  ],
  "annotation_source_indicator": null
}
