{
  "title_id": "Simulated HL-60 cells",
  "uuid": "2dbf5050-5704-484c-94ca-98e8e1d08e11",
  "version": 0,
  "model": {
    "type_name": "BioSample",
    "version": 3
  },
  "attribute": [],
  "organism_classification": [
    {
      "attribute": [],
      "common_name": null,
      "scientific_name": "simulated data",
      "ncbi_id": null
    }
  ],
  "biological_entity_description": "simulated human promyelocytic leukemia cells (HL-60) stained with DAPI",
  "experimental_variable_description": [],
  "extrinsic_variable_description": [],
  "intrinsic_variable_description": [],
  "growth_protocol_uuid": null
}