{
  "title": "Simulated HL-60 cells",
  "uuid": "aecff242-e5eb-4b92-9718-992abffe38af",
  "version": 0,
  "object_creator": "bia_ingest",
  "model": {
    "type_name": "BioSample",
    "version": 4
  },
  "additional_metadata": [
    {
      "provenance": "bia_ingest",
      "name": "uuid_unique_input",
      "value": {
        "uuid_unique_input": "Biosample-1"
      }
    }
  ],
  "organism_classification": [
    {
      "additional_metadata": [],
      "common_name": null,
      "scientific_name": "simulated data",
      "ncbi_id": null
    }
  ],
  "biological_entity_description": "simulated human promyelocytic leukemia cells (HL-60) stained with DAPI",
  "experimental_variable_description": [],
  "extrinsic_variable_description": [],
  "intrinsic_variable_description": [],
  "growth_protocol_uuid": null
}
